2025-05-18 15:36:52,294 - INFO - Starting Instagram User Behavior Analysis Project
2025-05-18 15:36:52,796 - INFO - Loaded cleaned_merged_user_post_data.csv successfully.
2025-05-18 15:36:52,796 - INFO - 1. Running Sentiment Analysis...
2025-05-18 15:36:52,796 - INFO - Running sentiment analysis on captions...
2025-05-18 15:37:28,556 - INFO - Sentiment analysis complete. Example sentiment counts: {'positive': 23024, 'neutral': 19341, 'negative': 5149}
2025-05-18 15:37:28,556 - INFO - Sentiment analysis complete.
2025-05-18 15:37:28,556 - INFO - 2. Running Clustering/User Segmentation...
2025-05-18 15:37:28,724 - INFO - Clustering complete. Cluster counts: {2: 29700, 0: 12251, 1: 5563}
2025-05-18 15:37:28,724 - INFO - Clustering/User segmentation complete.
2025-05-18 15:37:28,724 - INFO - 3. Predicting Engagement...
2025-05-18 15:37:28,771 - INFO - Engagement Prediction MSE: 2149.73
2025-05-18 15:37:28,772 - INFO - Engagement prediction complete.
2025-05-18 15:37:28,772 - INFO - 4. Generating Engagement Visualizations...
2025-05-18 15:37:29,519 - INFO - Saved engagement trends plot to outputs/engagement_trends.png
2025-05-18 15:37:29,520 - INFO - Engagement visualizations complete.
2025-05-18 15:37:29,520 - INFO - 5. Generating Recommendations...
2025-05-18 15:37:29,535 - INFO - Top 5 Recommended Posts:
2025-05-18 15:37:29,538 - INFO -             post_id                                                                                                        caption  likes  comments_count
1698227877566283768 why am i single *edit*: i found out why im single. it’s cause my pussy pops severely n no one can handle it :(   6810             294
1698227877566283768 why am i single *edit*: i found out why im single. it’s cause my pussy pops severely n no one can handle it :(   6810             294
1698227877566283768 why am i single *edit*: i found out why im single. it’s cause my pussy pops severely n no one can handle it :(   6810             294
1698227877566283768 why am i single *edit*: i found out why im single. it’s cause my pussy pops severely n no one can handle it :(   6810             294
1698227877566283768 why am i single *edit*: i found out why im single. it’s cause my pussy pops severely n no one can handle it :(   6810             294
2025-05-18 15:37:29,550 - INFO - Recommendations generated.
2025-05-18 15:37:31,513 - INFO - Final output saved to data/final_with_all_outputs.csv
2025-05-18 16:23:18,828 - INFO - Starting Instagram User Behavior Analysis Project
2025-05-18 16:23:19,414 - INFO - Loaded cleaned_merged_user_post_data.csv successfully.
2025-05-18 16:23:19,414 - INFO - 1. Running Sentiment Analysis...
2025-05-18 16:23:19,414 - INFO - Running sentiment analysis on captions (TextBlob and VADER)...
2025-05-18 16:31:50,951 - INFO - Sentiment analysis complete. Example sentiment counts: {'positive': 23024, 'neutral': 19341, 'negative': 5149}
2025-05-18 16:31:50,951 - INFO - Sentiment analysis complete.
2025-05-18 16:31:50,951 - INFO - 2. Running Clustering/User Segmentation...
2025-05-18 17:21:29,153 - INFO - Starting Instagram User Behavior Analysis Project
2025-05-18 17:21:29,655 - INFO - Loaded cleaned_merged_user_post_data.csv successfully.
2025-05-18 17:21:29,655 - INFO - 1. Running Sentiment Analysis...
2025-05-18 17:21:29,655 - INFO - Running sentiment analysis on captions (TextBlob and VADER)...
2025-05-31 18:01:30,559 - INFO - Starting Instagram User Behavior Analysis Project
2025-05-31 18:01:31,046 - INFO - Loaded cleaned_merged_user_post_data.csv successfully.
2025-05-31 18:01:31,046 - INFO - 1. Running Sentiment Analysis...
2025-05-31 18:01:31,046 - INFO - Running sentiment analysis on captions (TextBlob and VADER)...
